// Jest Snapshot v1, https://goo.gl/fbAQLP

exports[`AmountInput should match snapshot 1`] = `
<DocumentFragment>
  <div
    class="Container"
  >
    <label
      class="Label"
      for="amount-"
    >
      :
    </label>
    <input
      class="Input"
      id="amount-"
      name="amount-"
      type="text"
      value=""
    />
    <span
      class="Currency"
    />
  </div>
</DocumentFragment>
`;
